src/components/features/SearchResults/TorrentCard.tsx(2,10): error TS6133: 'Copy' is declared but its value is never read.
src/components/features/SearchResults/TorrentCard.tsx(3,10): error TS1484: 'Torrent' is a type and must be imported using a type-only import when 'verbatimModuleSyntax' is enabled.
src/hooks/useTorrentSearch.ts(1,20): error TS6133: 'useEffect' is declared but its value is never read.
src/hooks/useTorrentSearch.ts(2,10): error TS1484: 'Torrent' is a type and must be imported using a type-only import when 'verbatimModuleSyntax' is enabled.
src/hooks/useTorrentSearch.ts(2,19): error TS1484: 'SearchParams' is a type and must be imported using a type-only import when 'verbatimModuleSyntax' is enabled.
src/hooks/useTorrentSearch.ts(5,34): error TS6133: 'initialParams' is declared but its value is never read.
src/services/TorrentService.ts(1,10): error TS1484: 'ITorrentService' is a type and must be imported using a type-only import when 'verbatimModuleSyntax' is enabled.
src/services/TorrentService.ts(1,27): error TS1484: 'SearchParams' is a type and must be imported using a type-only import when 'verbatimModuleSyntax' is enabled.
src/services/TorrentService.ts(1,41): error TS1484: 'Torrent' is a type and must be imported using a type-only import when 'verbatimModuleSyntax' is enabled.
